// Jest Snapshot v1, https://goo.gl/fbAQLP

exports[`FormFieldLabel renders correctly 1`] = `
<span
  className="form-field-label"
/>
`;
